                        ______ 45 _____                          
                 ______/               \______                   
            __ 34 _                         __ 55 _              
         __/       \__                   __/       \__           
       13              36              47              57        
     /   \           /   \           /   \           /   \       
   12      14      35      37      46      48      56      58    
            \                                                    
             15                                                  
